// Jest Snapshot v1, https://goo.gl/fbAQLP

exports[`Pruebas en <PrimeraApp /> Debe de mostrar <PrimeraApp /> correctamente 1`] = `
<Fragment>
  <pre>
    {
   "nombre": "Fernado",
   "edad": 34
}
  </pre>
  <h1>
    Hola Antonio
  </h1>
  <h1>
    Hola, Soy Goku
  </h1>
  <p>
    Soy un subtitulo
  </p>
</Fragment>
`;
